 


(two,words)

 


(two separate words)

 

foo(two,words)

 

((two,words))

 

((two,words))
(((two,words)))


0:12(21): preprocessor error: Error: macro foo invoked with 2 arguments (expected 1)

