This file ends with no newline within a comment
0:1(51): preprocessor error: Unterminated comment
