 
a = x++;
b = ++x;
c = x--;
d = --x;
 

0:7(12): preprocessor error: syntax error, unexpected PLUS_PLUS
