

int foo;

int bar;

0:4(1): preprocessor error: multiple #else
