#version 110



0:2(1): preprocessor warning:  names containing consecutive underscores are reserved.
0:3(1): preprocessor warning:  names containing consecutive underscores are reserved.
0:4(1): preprocessor warning:  names containing consecutive underscores are reserved.
